Microchip MPLAB XC8 Compiler V1.11 ()

Linker command line:

--edf=C:\Program Files (x86)\Microchip\xc8\v1.11\dat\en_msgs.txt -cs \
  -h+dist/default/production\SK40C_G15_Driver.production.sym -z -Q16F887 \
  -ol.obj -Mdist/default/production/SK40C_G15_Driver.production.map -E1 \
  -ver=XC8 -ACONST=00h-0FFhx32 -ACODE=00h-07FFhx4 -ASTRCODE=00h-01FFFh \
  -AENTRY=00h-0FFhx32 -ASTRING=00h-0FFhx32 -ACOMMON=070h-07Fh \
  -ABANK0=020h-06Fh -ABANK1=0A0h-0EFh -ABANK2=0110h-016Fh \
  -ABANK3=0190h-01EFh -ARAM=020h-06Fh,0A0h-0EFh,0110h-016Fh,0190h-01EFh \
  -AABS1=020h-07Fh,0A0h-0EFh,0110h-016Fh,0190h-01EFh -ASFR0=00h-01Fh \
  -ASFR1=080h-09Fh -ASFR2=0100h-010Fh -ASFR3=0180h-018Fh \
  -preset_vec=00h,intentry,init,end_init -ppowerup=CODE -pfunctab=CODE \
  -ACONFIG=02007h-02008h -pconfig=CONFIG -DCONFIG=2 -AIDLOC=02000h-02003h \
  -pidloc=IDLOC -DIDLOC=2 -AEEDATA=00h-0FFh/02100h -peeprom_data=EEDATA \
  -DEEDATA=2 -DCODE=2 -DSTRCODE=2 -DSTRING=2 -DCONST=2 -DENTRY=2 -k \
  C:\Users\yonghui\AppData\Local\Temp\s5r8.obj \
  dist/default/production\SK40C_G15_Driver.production.obj 

Object code version is 3.10

Machine type is 16F887



                Name                               Link     Load   Length Selector   Space Scale
C:\Users\yonghui\AppData\Local\Temp\s5r8.obj
                end_init                              0        0        3        0       0
                config                             2007     2007        1     400E       0
dist/default/production\SK40C_G15_Driver.production.obj
                text590                             148      148       7B      290       0
                text589                             E48      E48       1B     1C90       0
                text588                             253      253       A6      4A6       0
                text587                             3C1      3C1       EE      782       0
                text586                             2F9      2F9       C8      5F2       0
                text585                              5A       5A       43       B4       0
                text584                              9D       9D       4D      13A       0
                text583                             FD0      FD0       30     1FA0       0
                text582                             EE0      EE0       25     1DC0       0
                text581                             F05      F05       25     1E0A       0
                text580                             FA1      FA1       2F     1F42       0
                text579                             1C3      1C3       90      386       0
                text578                             E63      E63       1D     1CC6       0
                text577                             DEA      DEA       14     1BD4       0
                text576                             E14      E14       1A     1C28       0
                text575                             F4F      F4F       29     1E9E       0
                text574                             E2E      E2E       1A     1C5C       0
                text573                              EA       EA       5E      1D4       0
                text572                             DFE      DFE       16     1BFC       0
                text571                             4AF      4AF      18C      95E       0
                text570                             EBC      EBC       24     1D78       0
                text569                             E9D      E9D       1F     1D3A       0
                text568                             F78      F78       29     1EF0       0
                text567                             F2A      F2A       25     1E54       0
                maintext                            63B      63B      1C5      C76       0
                cstackBANK0                          20       20       41       20       1
                cstackCOMMON                         70       70        E       70       1
                dataBANK0                            61       61        4       20       1
                bssBANK0                             65       65        1       20       1
                cinit                               E80      E80       1D     1D00       0
                strings                               3        3       4D        6       0
                idataBANK0                           56       56        4       AC       0

TOTAL           Name                               Link     Load   Length     Space
        CLASS   CONST          

        CLASS   CODE           
                end_init                              0        0        3         0
                text590                             148      148       7B         0
                text589                             E48      E48       1B         0
                text588                             253      253       A6         0
                text587                             3C1      3C1       EE         0
                text586                             2F9      2F9       C8         0
                text585                              5A       5A       43         0
                text584                              9D       9D       4D         0
                text583                             FD0      FD0       30         0
                text582                             EE0      EE0       25         0
                text581                             F05      F05       25         0
                text580                             FA1      FA1       2F         0
                text579                             1C3      1C3       90         0
                text578                             E63      E63       1D         0
                text577                             DEA      DEA       14         0
                text576                             E14      E14       1A         0
                text575                             F4F      F4F       29         0
                text574                             E2E      E2E       1A         0
                text573                              EA       EA       5E         0
                text572                             DFE      DFE       16         0
                text571                             4AF      4AF      18C         0
                text570                             EBC      EBC       24         0
                text569                             E9D      E9D       1F         0
                text568                             F78      F78       29         0
                text567                             F2A      F2A       25         0
                maintext                            63B      63B      1C5         0
                cinit                               E80      E80       1D         0
                idataBANK0                           56       56        4         0

        CLASS   STRCODE        

        CLASS   ENTRY          

        CLASS   STRING         
                strings                               3        3       4D         0

        CLASS   COMMON         
                cstackCOMMON                         70       70        E         1

        CLASS   BANK0          
                cstackBANK0                          20       20       41         1
                dataBANK0                            61       61        4         1
                bssBANK0                             65       65        1         1

        CLASS   BANK1          

        CLASS   BANK2          

        CLASS   BANK3          

        CLASS   RAM            

        CLASS   ABS1           
                abs_s1                               7E       7E        2         1

        CLASS   SFR0           

        CLASS   SFR1           

        CLASS   SFR2           

        CLASS   SFR3           

        CLASS   CONFIG         
                config                             2007     2007        1         0

        CLASS   IDLOC          

        CLASS   EEDATA         



SEGMENTS        Name                           Load    Length   Top    Selector   Space  Class     Delta

                reset_vec                      000000  000003  000003         0       0  CODE        2
                strings                        000003  00004D  000050         6       0  STRING      2
                cstackBANK0                    000020  000046  000066        20       1  BANK0       1
                cstackCOMMON                   000070  00000E  00007E        70       1  COMMON      1
                idataBANK0                     000056  000004  00005A        AC       0  CODE        2
                text585                        00005A  000043  00009D        B4       0  CODE        2
                text584                        00009D  00004D  0000EA       13A       0  CODE        2
                text573                        0000EA  00005E  000148       1D4       0  CODE        2
                text590                        000148  00007B  0001C3       290       0  CODE        2
                text579                        0001C3  000090  000253       386       0  CODE        2
                text588                        000253  0000A6  0002F9       4A6       0  CODE        2
                text586                        0002F9  0000C8  0003C1       5F2       0  CODE        2
                text587                        0003C1  0000EE  0004AF       782       0  CODE        2
                text571                        0004AF  00018C  00063B       95E       0  CODE        2
                maintext                       00063B  0001C5  000800       C76       0  CODE        2
                text577                        000DEA  000014  000DFE      1BD4       0  CODE        2
                text572                        000DFE  000016  000E14      1BFC       0  CODE        2
                text576                        000E14  00001A  000E2E      1C28       0  CODE        2
                text574                        000E2E  00001A  000E48      1C5C       0  CODE        2
                text589                        000E48  00001B  000E63      1C90       0  CODE        2
                text578                        000E63  00001D  000E80      1CC6       0  CODE        2
                cinit                          000E80  00001D  000E9D      1D00       0  CODE        2
                text569                        000E9D  00001F  000EBC      1D3A       0  CODE        2
                text570                        000EBC  000024  000EE0      1D78       0  CODE        2
                text582                        000EE0  000025  000F05      1DC0       0  CODE        2
                text581                        000F05  000025  000F2A      1E0A       0  CODE        2
                text567                        000F2A  000025  000F4F      1E54       0  CODE        2
                text575                        000F4F  000029  000F78      1E9E       0  CODE        2
                text568                        000F78  000029  000FA1      1EF0       0  CODE        2
                text580                        000FA1  00002F  000FD0      1F42       0  CODE        2
                text583                        000FD0  000030  001000      1FA0       0  CODE        2
                config                         002007  000001  002008      400E       0  CONFIG      2


UNUSED ADDRESS RANGES

        Name                Unused          Largest block    Delta
        BANK0            0066-006F              A           1
        BANK1            00A0-00EF             50           1
        BANK2            0110-016F             60           1
        BANK3            0190-01EF             60           1
        CODE             0050-0055              6           2
                         0800-0DE9            5EA
                         1000-1FFF            800
        CONFIG           2008-2008              1           2
        CONST            0050-0055              6           2
                         0800-0DE9            100
                         1000-1FFF            100
        EEDATA           2100-21FF            100           2
        ENTRY            0050-0055              6           2
                         0800-0DE9            100
                         1000-1FFF            100
        IDLOC            2000-2003              4           2
        RAM              0066-006F              A           1
                         00A0-00EF             50
                         0110-016F             60
                         0190-01EF             60
        SFR0             0000-001F             20           1
        SFR1             0080-009F             20           1
        SFR2             0100-010F             10           1
        SFR3             0180-018F             10           1
        STRCODE          0050-0055              6           2
                         0800-0DE9            5EA
                         1000-1FFF           1000
        STRING           0050-0055              6           2
                         0800-0DE9            100
                         1000-1FFF            100

                                  Symbol Table

?_GetPos                 cstackCOMMON 007B
?_SetLED                 cstackCOMMON 007B
?_SetPos                 cstackCOMMON 007B
?_SetTorqueOnOff         cstackCOMMON 007B
?___ftdiv                cstackBANK0  003D
?___ftmul                cstackBANK0  002D
?___ftpack               cstackCOMMON 0070
?___fttol                cstackCOMMON 0078
?___lwdiv                cstackCOMMON 0070
?___lwmod                cstackCOMMON 0070
?___lwtoft               cstackBANK0  002A
?_delay                  cstackCOMMON 0070
?_lcd_num                cstackCOMMON 007B
?_send_packet            cstackCOMMON 0076
?_send_string            cstackCOMMON 0079
GetPos@ServoID           cstackCOMMON 007C
GetPos@data              cstackCOMMON 007B
SetLED@ServoID           cstackBANK0  004A
SetLED@TxBuff            cstackBANK0  004B
SetLED@Write_Reg         cstackCOMMON 007C
SetLED@on_off            cstackCOMMON 007B
SetPos@Position          cstackCOMMON 007B
SetPos@ServoID           cstackBANK0  004A
SetPos@TxBuff            cstackBANK0  004B
SetPos@Write_Reg         cstackCOMMON 007D
SetTorqueOnOff@ServoID   cstackBANK0  004A
SetTorqueOnOff@TxBuff    cstackBANK0  004B
SetTorqueOnOff@Write_Reg cstackCOMMON 007C
SetTorqueOnOff@on_off    cstackCOMMON 007B
UART_REC@rec_data        cstackCOMMON 0075
UART_REC@waitcount       cstackCOMMON 0071
UART_SEND@data           cstackCOMMON 0070
_ANSEL                   (abs)        0188
_ANSELH                  (abs)        0189
_BAUDCTLbits             (abs)        0187
_ERR_FLAG                bssBANK0     0065
_FERR                    (abs)        00C2
_GetPos                  text570      0EBC
_PORTB                   (abs)        0006
_PORTC                   (abs)        0007
_PORTD                   (abs)        0008
_PORTE                   (abs)        0009
_RB0                     (abs)        0030
_RB1                     (abs)        0031
_RB4                     (abs)        0034
_RB5                     (abs)        0035
_RB6                     (abs)        0036
_RB7                     (abs)        0037
_RC4                     (abs)        003C
_RCIF                    (abs)        0065
_RCREG                   (abs)        001A
_RCSTAbits               (abs)        0018
_SPBRG                   (abs)        0099
_SPBRGH                  (abs)        009A
_SetLED                  text569      0E9D
_SetPos                  text568      0F78
_SetTorqueOnOff          text567      0F2A
_TRISA                   (abs)        0085
_TRISB                   (abs)        0086
_TRISB4                  (abs)        0434
_TRISB5                  (abs)        0435
_TRISC                   (abs)        0087
_TRISCbits               (abs)        0087
_TRISD                   (abs)        0088
_TRISE                   (abs)        0089
_TRMT                    (abs)        04C1
_TXREG                   (abs)        0019
_TXSTAbits               (abs)        0098
_UARTWAIT                dataBANK0    0061
_UART_INIT               text576      0E14
_UART_REC                text573      00EA
_UART_SEND               text572      0DFE
__CFG_BOREN$OFF          (abs)        0000
__CFG_FOSC$HS            (abs)        0000
__CFG_LVP$OFF            (abs)        0000
__CFG_WDTE$OFF           (abs)        0000
__Habs1                  abs1         0000
__Hbank0                 bank0        0000
__Hbank1                 bank1        0000
__Hbank2                 bank2        0000
__Hbank3                 bank3        0000
__HbssBANK0              bssBANK0     0000
__Hcinit                 cinit        0000
__Hclrtext               clrtext      0000
__Hcode                  code         0000
__Hcommon                common       0000
__Hconfig                config       2008
__HcstackBANK0           cstackBANK0  0000
__HcstackCOMMON          cstackCOMMON 0000
__HdataBANK0             dataBANK0    0000
__Heeprom_data           eeprom_data  0000
__Hend_init              end_init     0003
__Hfunctab               functab      0000
__HidataBANK0            idataBANK0   0000
__Hidloc                 idloc        0000
__Hinit                  init         0000
__Hintentry              intentry     0000
__Hmaintext              maintext     0000
__Hpowerup               powerup      0000
__Hram                   ram          0000
__Hreset_vec             reset_vec    0000
__Hsfr0                  sfr0         0000
__Hsfr1                  sfr1         0000
__Hsfr2                  sfr2         0000
__Hsfr3                  sfr3         0000
__Hstrings               strings      0000
__Htext                  text         0000
__Labs1                  abs1         0000
__Lbank0                 bank0        0000
__Lbank1                 bank1        0000
__Lbank2                 bank2        0000
__Lbank3                 bank3        0000
__LbssBANK0              bssBANK0     0000
__Lcinit                 cinit        0000
__Lclrtext               clrtext      0000
__Lcode                  code         0000
__Lcommon                common       0000
__Lconfig                config       2007
__LcstackBANK0           cstackBANK0  0000
__LcstackCOMMON          cstackCOMMON 0000
__LdataBANK0             dataBANK0    0000
__Leeprom_data           eeprom_data  0000
__Lend_init              end_init     0000
__Lfunctab               functab      0000
__LidataBANK0            idataBANK0   0000
__Lidloc                 idloc        0000
__Linit                  init         0000
__Lintentry              intentry     0000
__Lmaintext              maintext     0000
__Lpowerup               powerup      0000
__Lram                   ram          0000
__Lreset_vec             reset_vec    0000
__Lsfr0                  sfr0         0000
__Lsfr1                  sfr1         0000
__Lsfr2                  sfr2         0000
__Lsfr3                  sfr3         0000
__Lstrings               strings      0000
__Ltext                  text         0000
__S0                     (abs)        2008
__S1                     (abs)        007E
__S2                     (abs)        0000
___ftdiv                 text586      02F9
___ftdiv@cntr            cstackBANK0  0047
___ftdiv@exp             cstackBANK0  004B
___ftdiv@f1              cstackBANK0  0040
___ftdiv@f2              cstackBANK0  003D
___ftdiv@f3              cstackBANK0  0048
___ftdiv@sign            cstackBANK0  004C
___ftmul                 text587      03C1
___ftmul@cntr            cstackBANK0  003B
___ftmul@exp             cstackBANK0  0037
___ftmul@f1              cstackBANK0  002D
___ftmul@f2              cstackBANK0  0030
___ftmul@f3_as_product   cstackBANK0  0038
___ftmul@sign            cstackBANK0  003C
___ftpack                text590      0148
___ftpack@arg            cstackCOMMON 0070
___ftpack@exp            cstackCOMMON 0073
___ftpack@sign           cstackCOMMON 0074
___fttol                 text588      0253
___fttol@exp1            cstackBANK0  0029
___fttol@f1              cstackCOMMON 0078
___fttol@lval            cstackBANK0  0025
___fttol@sign1           cstackBANK0  0024
___lwdiv                 text584      009D
___lwdiv@counter         cstackCOMMON 0077
___lwdiv@dividend        cstackCOMMON 0072
___lwdiv@divisor         cstackCOMMON 0070
___lwdiv@quotient        cstackCOMMON 0075
___lwmod                 text585      005A
___lwmod@counter         cstackCOMMON 0075
___lwmod@dividend        cstackCOMMON 0072
___lwmod@divisor         cstackCOMMON 0070
___lwtoft                text589      0E48
___lwtoft@c              cstackBANK0  002A
__end_of_GetPos          text570      0EE0
__end_of_SetLED          text569      0EBC
__end_of_SetPos          text568      0FA1
__end_of_SetTorqueOnOff  text567      0F4F
__end_of_UART_INIT       text576      0E2E
__end_of_UART_REC        text573      0148
__end_of_UART_SEND       text572      0E14
__end_of___ftdiv         text586      03C1
__end_of___ftmul         text587      04AF
__end_of___ftpack        text590      01C3
__end_of___fttol         text588      02F9
__end_of___lwdiv         text584      00EA
__end_of___lwmod         text585      009D
__end_of___lwtoft        text589      0E63
__end_of__initialization cinit        0E99
__end_of__stringdata     strings      0050
__end_of__stringtab      strings      0013
__end_of_delay           text583      1000
__end_of_initIO          text574      0E48
__end_of_lcd_clr         text577      0DFE
__end_of_lcd_goto        text578      0E80
__end_of_lcd_num         text579      0253
__end_of_lcdinit         text575      0F78
__end_of_main            maintext     0800
__end_of_send_char       text582      0F05
__end_of_send_config     text581      0F2A
__end_of_send_packet     text571      063B
__end_of_send_string     text580      0FD0
__initialization         cinit        0E80
__pbssBANK0              bssBANK0     0065
__pcstackBANK0           cstackBANK0  0020
__pcstackCOMMON          cstackCOMMON 0070
__pdataBANK0             dataBANK0    0061
__pidataBANK0            idataBANK0   0056
__pmaintext              maintext     063B
__pstrings               strings      0003
__ptext567               text567      0F2A
__ptext568               text568      0F78
__ptext569               text569      0E9D
__ptext570               text570      0EBC
__ptext571               text571      04AF
__ptext572               text572      0DFE
__ptext573               text573      00EA
__ptext574               text574      0E2E
__ptext575               text575      0F4F
__ptext576               text576      0E14
__ptext577               text577      0DEA
__ptext578               text578      0E63
__ptext579               text579      01C3
__ptext580               text580      0FA1
__ptext581               text581      0F05
__ptext582               text582      0EE0
__ptext583               text583      0FD0
__ptext584               text584      009D
__ptext585               text585      005A
__ptext586               text586      02F9
__ptext587               text587      03C1
__ptext588               text588      0253
__ptext589               text589      0E48
__ptext590               text590      0148
__ptext591               text591      0000
__size_of_GetPos         (abs)        0000
__size_of_SetLED         (abs)        0000
__size_of_SetPos         (abs)        0000
__size_of_SetTorqueOnOff (abs)        0000
__size_of_UART_INIT      (abs)        0000
__size_of_UART_REC       (abs)        0000
__size_of_UART_SEND      (abs)        0000
__size_of___ftdiv        (abs)        0000
__size_of___ftmul        (abs)        0000
__size_of___ftpack       (abs)        0000
__size_of___fttol        (abs)        0000
__size_of___lwdiv        (abs)        0000
__size_of___lwmod        (abs)        0000
__size_of___lwtoft       (abs)        0000
__size_of_delay          (abs)        0000
__size_of_initIO         (abs)        0000
__size_of_lcd_clr        (abs)        0000
__size_of_lcd_goto       (abs)        0000
__size_of_lcd_num        (abs)        0000
__size_of_lcdinit        (abs)        0000
__size_of_main           (abs)        0000
__size_of_send_char      (abs)        0000
__size_of_send_config    (abs)        0000
__size_of_send_packet    (abs)        0000
__size_of_send_string    (abs)        0000
__stringdata             strings      0013
__stringtab              strings      0003
_delay                   text583      0FD0
_initIO                  text574      0E2E
_lcd_clr                 text577      0DEA
_lcd_goto                text578      0E63
_lcd_num                 text579      01C3
_lcdinit                 text575      0F4F
_main                    maintext     063B
_main$972                cstackBANK0  005D
_send_char               text582      0EE0
_send_config             text581      0F05
_send_packet             text571      04AF
_send_string             text580      0FA1
btemp                    (abs)        007E
delay@data               cstackCOMMON 0070
end_of_initialization    cinit        0E99
intlevel0                functab      0000
intlevel1                functab      0000
intlevel2                functab      0000
intlevel3                functab      0000
intlevel4                functab      0000
intlevel5                functab      0000
lcd_goto@data            cstackCOMMON 007A
lcd_num@digit            cstackCOMMON 007D
lcd_num@i                cstackBANK0  0036
lcd_num@j                cstackBANK0  0034
lcd_num@k                cstackBANK0  0035
lcd_num@num              cstackBANK0  0024
lcd_num@number           cstackCOMMON 007B
main@DATA                cstackBANK0  0051
main@angle               cstackBANK0  005B
main@pos                 cstackBANK0  005F
reset_vec                reset_vec    0000
send_char@data           cstackCOMMON 0078
send_config@data         cstackCOMMON 0078
send_packet@ID           cstackBANK0  0040
send_packet@Status       cstackBANK0  0020
send_packet@TxBuff       cstackBANK0  0030
send_packet@checksum     cstackBANK0  0043
send_packet@data         cstackCOMMON 0077
send_packet@error        cstackBANK0  0041
send_packet@i            cstackBANK0  0045
send_packet@inst         cstackCOMMON 0076
send_packet@packet_len   cstackBANK0  0044
send_packet@param_len    cstackCOMMON 0078
send_string@s            cstackCOMMON 0079
start                    init         0000
start_initialization     cinit        0E80
wtemp0                   (abs)        007E


FUNCTION INFORMATION:

 *************** function _main *****************
 Defined at:
		line 47 in file "Main.c"
 Parameters:    Size  Location     Type
		None
 Auto vars:     Size  Location     Type
  DATA           10   49[BANK0 ] unsigned char [10]
  pos             2   63[BANK0 ] unsigned short 
  angle           2   59[BANK0 ] unsigned short 
 Return value:  Size  Location     Type
		None               void
 Registers used:
		wreg, fsr0l, fsr0h, status,2, status,0, btemp+1, pclath, cstack
 Tracked objects:
		On entry : 
		On exit  : 
		Unchanged: 
 Data sizes:     COMMON   BANK0   BANK1   BANK3   BANK2
      Params:         0       0       0       0       0
      Locals:         0      16       0       0       0
      Temps:          0       3       0       0       0
      Totals:         0      19       0       0       0
Total ram usage:       19 bytes
 Hardware stack levels required when called:    4
 This function calls:
		_initIO
		_lcdinit
		_UART_INIT
		_lcd_clr
		_lcd_goto
		_send_string
		_SetLED
		_SetPos
		_SetTorqueOnOff
		_GetPos
		___lwtoft
		___fttol
		___ftmul
		___ftdiv
		_lcd_num
 This function is called by:
		Startup code after reset
 This function uses a non-reentrant model


 *************** function _SetTorqueOnOff *****************
 Defined at:
		line 315 in file "G15.h"
 Parameters:    Size  Location     Type
  ServoID         1    wreg     unsigned char 
  on_off          1   11[COMMON] unsigned char 
  Write_Reg       1   12[COMMON] unsigned char 
 Auto vars:     Size  Location     Type
  ServoID         1   42[BANK0 ] unsigned char 
  TxBuff          2   43[BANK0 ] unsigned char [2]
 Return value:  Size  Location     Type
                  2   11[COMMON] unsigned short 
 Registers used:
		wreg, fsr0l, fsr0h, status,2, status,0, pclath, cstack
 Tracked objects:
		On entry : 
		On exit  : 
		Unchanged: 
 Data sizes:     COMMON   BANK0   BANK1   BANK3   BANK2
      Params:         2       0       0       0       0
      Locals:         0       3       0       0       0
      Temps:          0       3       0       0       0
      Totals:         2       6       0       0       0
Total ram usage:        8 bytes
 Hardware stack levels used:    1
 Hardware stack levels required when called:    2
 This function calls:
		_send_packet
 This function is called by:
		_main
		_SetWheelMode
 This function uses a non-reentrant model


 *************** function _SetPos *****************
 Defined at:
		line 288 in file "G15.h"
 Parameters:    Size  Location     Type
  ServoID         1    wreg     unsigned char 
  Position        2   11[COMMON] unsigned short 
  Write_Reg       1   13[COMMON] unsigned char 
 Auto vars:     Size  Location     Type
  ServoID         1   42[BANK0 ] unsigned char 
  TxBuff          3   43[BANK0 ] unsigned char [3]
 Return value:  Size  Location     Type
                  2   11[COMMON] unsigned short 
 Registers used:
		wreg, fsr0l, fsr0h, status,2, status,0, pclath, cstack
 Tracked objects:
		On entry : 
		On exit  : 
		Unchanged: 
 Data sizes:     COMMON   BANK0   BANK1   BANK3   BANK2
      Params:         3       0       0       0       0
      Locals:         0       4       0       0       0
      Temps:          0       3       0       0       0
      Totals:         3       7       0       0       0
Total ram usage:       10 bytes
 Hardware stack levels used:    1
 Hardware stack levels required when called:    2
 This function calls:
		_send_packet
 This function is called by:
		_main
		_RotateCW
		_RotateCCW
 This function uses a non-reentrant model


 *************** function _SetLED *****************
 Defined at:
		line 417 in file "G15.h"
 Parameters:    Size  Location     Type
  ServoID         1    wreg     unsigned char 
  on_off          1   11[COMMON] unsigned char 
  Write_Reg       1   12[COMMON] unsigned char 
 Auto vars:     Size  Location     Type
  ServoID         1   42[BANK0 ] unsigned char 
  TxBuff          2   43[BANK0 ] unsigned char [2]
 Return value:  Size  Location     Type
                  2   11[COMMON] unsigned short 
 Registers used:
		wreg, fsr0l, fsr0h, status,2, status,0, pclath, cstack
 Tracked objects:
		On entry : 
		On exit  : 
		Unchanged: 
 Data sizes:     COMMON   BANK0   BANK1   BANK3   BANK2
      Params:         2       0       0       0       0
      Locals:         0       3       0       0       0
      Temps:          0       3       0       0       0
      Totals:         2       6       0       0       0
Total ram usage:        8 bytes
 Hardware stack levels used:    1
 Hardware stack levels required when called:    2
 This function calls:
		_send_packet
 This function is called by:
		_main
 This function uses a non-reentrant model


 *************** function _GetPos *****************
 Defined at:
		line 528 in file "G15.h"
 Parameters:    Size  Location     Type
  ServoID         1    wreg     unsigned char 
  data            1   11[COMMON] PTR unsigned char 
		 -> main@DATA(10), 
 Auto vars:     Size  Location     Type
  ServoID         1   12[COMMON] unsigned char 
 Return value:  Size  Location     Type
                  2   11[COMMON] unsigned short 
 Registers used:
		wreg, fsr0l, fsr0h, status,2, status,0, pclath, cstack
 Tracked objects:
		On entry : 
		On exit  : 
		Unchanged: 
 Data sizes:     COMMON   BANK0   BANK1   BANK3   BANK2
      Params:         1       0       0       0       0
      Locals:         1       0       0       0       0
      Temps:          0       3       0       0       0
      Totals:         2       3       0       0       0
Total ram usage:        5 bytes
 Hardware stack levels used:    1
 Hardware stack levels required when called:    2
 This function calls:
		_send_packet
 This function is called by:
		_main
 This function uses a non-reentrant model


 *************** function _send_packet *****************
 Defined at:
		line 159 in file "G15.h"
 Parameters:    Size  Location     Type
  ID              1    wreg     unsigned char 
  inst            1    6[COMMON] unsigned char 
  data            1    7[COMMON] PTR unsigned char 
		 -> main@DATA(10), SetAction@TxBuff(1), FactoryReset@TxBuff(1), SetBaudRate@TxBuff(2), 
		 -> SetMarginSlopePunch@TxBuff(5), SetAlarmShutDown@TxBuff(2), SetAlarmLED@TxBuff(2), SetLED@TxBuff(2), 
		 -> SetID@TxBuff(2), SetVoltageLimit@TxBuff(3), SetTemperatureLimit@TxBuff(2), SetTorqueLimit@TxBuff(3), 
		 -> SetAngleLimit@TxBuff(5), SetSpeed@TxBuff(3), SetTorqueOnOff@TxBuff(2), SetPos@TxBuff(3), 
  param_len       1    8[COMMON] unsigned char 
 Auto vars:     Size  Location     Type
  ID              1   32[BANK0 ] unsigned char 
  TxBuff         16   16[BANK0 ] unsigned char [16]
  Status         16    0[BANK0 ] unsigned char [16]
  i               2   37[BANK0 ] int 
  error           2   33[BANK0 ] unsigned short 
  packet_len      1   36[BANK0 ] unsigned char 
  checksum        1   35[BANK0 ] unsigned char 
 Return value:  Size  Location     Type
                  2    6[COMMON] unsigned short 
 Registers used:
		wreg, fsr0l, fsr0h, status,2, status,0, pclath, cstack
 Tracked objects:
		On entry : 
		On exit  : 
		Unchanged: 
 Data sizes:     COMMON   BANK0   BANK1   BANK3   BANK2
      Params:         3       0       0       0       0
      Locals:         0      39       0       0       0
      Temps:          2       0       0       0       0
      Totals:         5      39       0       0       0
Total ram usage:       44 bytes
 Hardware stack levels used:    1
 Hardware stack levels required when called:    1
 This function calls:
		_UART_SEND
		_UART_REC
 This function is called by:
		_SetPos
		_SetTorqueOnOff
		_SetLED
		_GetPos
		_SetSpeed
		_SetAngleLimit
		_SetTorqueLimit
		_SetTemperatureLimit
		_SetVoltageLimit
		_SetID
		_SetAlarmLED
		_SetAlarmShutDown
		_SetMarginSlopePunch
		_SetBaudRate
		_FactoryReset
		_Ping
		_GetSpeed
		_GetLoad
		_GetVoltage
		_GetTemperature
		_GetTorqueOnOff
		_IsMoving
		_SetAction
 This function uses a non-reentrant model


 *************** function _UART_SEND *****************
 Defined at:
		line 267 in file "Main.c"
 Parameters:    Size  Location     Type
  data            1    wreg     unsigned char 
 Auto vars:     Size  Location     Type
  data            1    0[COMMON] unsigned char 
 Return value:  Size  Location     Type
		None               void
 Registers used:
		wreg
 Tracked objects:
		On entry : 
		On exit  : 
		Unchanged: 
 Data sizes:     COMMON   BANK0   BANK1   BANK3   BANK2
      Params:         0       0       0       0       0
      Locals:         1       0       0       0       0
      Temps:          0       0       0       0       0
      Totals:         1       0       0       0       0
Total ram usage:        1 bytes
 Hardware stack levels used:    1
 This function calls:
		Nothing
 This function is called by:
		_send_packet
 This function uses a non-reentrant model


 *************** function _UART_REC *****************
 Defined at:
		line 274 in file "Main.c"
 Parameters:    Size  Location     Type
		None
 Auto vars:     Size  Location     Type
  waitcount       4    1[COMMON] unsigned long 
  rec_data        1    5[COMMON] unsigned char 
 Return value:  Size  Location     Type
                  1    wreg      unsigned char 
 Registers used:
		wreg
 Tracked objects:
		On entry : 
		On exit  : 
		Unchanged: 
 Data sizes:     COMMON   BANK0   BANK1   BANK3   BANK2
      Params:         0       0       0       0       0
      Locals:         5       0       0       0       0
      Temps:          1       0       0       0       0
      Totals:         6       0       0       0       0
Total ram usage:        6 bytes
 Hardware stack levels used:    1
 This function calls:
		Nothing
 This function is called by:
		_send_packet
 This function uses a non-reentrant model


 *************** function _initIO *****************
 Defined at:
		line 126 in file "Main.c"
 Parameters:    Size  Location     Type
		None
 Auto vars:     Size  Location     Type
		None
 Return value:  Size  Location     Type
		None               void
 Registers used:
		wreg, status,2
 Tracked objects:
		On entry : 
		On exit  : 
		Unchanged: 
 Data sizes:     COMMON   BANK0   BANK1   BANK3   BANK2
      Params:         0       0       0       0       0
      Locals:         0       0       0       0       0
      Temps:          0       0       0       0       0
      Totals:         0       0       0       0       0
Total ram usage:        0 bytes
 Hardware stack levels used:    1
 This function calls:
		Nothing
 This function is called by:
		_main
 This function uses a non-reentrant model


 *************** function _lcdinit *****************
 Defined at:
		line 154 in file "Main.c"
 Parameters:    Size  Location     Type
		None
 Auto vars:     Size  Location     Type
		None
 Return value:  Size  Location     Type
		None               void
 Registers used:
		wreg, status,2, status,0, pclath, cstack
 Tracked objects:
		On entry : 
		On exit  : 
		Unchanged: 
 Data sizes:     COMMON   BANK0   BANK1   BANK3   BANK2
      Params:         0       0       0       0       0
      Locals:         0       0       0       0       0
      Temps:          0       0       0       0       0
      Totals:         0       0       0       0       0
Total ram usage:        0 bytes
 Hardware stack levels used:    1
 Hardware stack levels required when called:    3
 This function calls:
		_send_config
		_lcd_clr
 This function is called by:
		_main
 This function uses a non-reentrant model


 *************** function _UART_INIT *****************
 Defined at:
		line 244 in file "Main.c"
 Parameters:    Size  Location     Type
		None
 Auto vars:     Size  Location     Type
		None
 Return value:  Size  Location     Type
		None               void
 Registers used:
		wreg
 Tracked objects:
		On entry : 
		On exit  : 
		Unchanged: 
 Data sizes:     COMMON   BANK0   BANK1   BANK3   BANK2
      Params:         0       0       0       0       0
      Locals:         0       0       0       0       0
      Temps:          0       0       0       0       0
      Totals:         0       0       0       0       0
Total ram usage:        0 bytes
 Hardware stack levels used:    1
 This function calls:
		Nothing
 This function is called by:
		_main
 This function uses a non-reentrant model


 *************** function _lcd_clr *****************
 Defined at:
		line 209 in file "Main.c"
 Parameters:    Size  Location     Type
		None
 Auto vars:     Size  Location     Type
		None
 Return value:  Size  Location     Type
		None               void
 Registers used:
		wreg, status,2, status,0, pclath, cstack
 Tracked objects:
		On entry : 
		On exit  : 
		Unchanged: 
 Data sizes:     COMMON   BANK0   BANK1   BANK3   BANK2
      Params:         0       0       0       0       0
      Locals:         0       0       0       0       0
      Temps:          0       0       0       0       0
      Totals:         0       0       0       0       0
Total ram usage:        0 bytes
 Hardware stack levels used:    1
 Hardware stack levels required when called:    2
 This function calls:
		_send_config
		_delay
 This function is called by:
		_main
		_lcdinit
 This function uses a non-reentrant model


 *************** function _lcd_goto *****************
 Defined at:
		line 196 in file "Main.c"
 Parameters:    Size  Location     Type
  data            1    wreg     unsigned char 
 Auto vars:     Size  Location     Type
  data            1   10[COMMON] unsigned char 
 Return value:  Size  Location     Type
		None               void
 Registers used:
		wreg, status,2, status,0, pclath, cstack
 Tracked objects:
		On entry : 
		On exit  : 
		Unchanged: 
 Data sizes:     COMMON   BANK0   BANK1   BANK3   BANK2
      Params:         0       0       0       0       0
      Locals:         1       0       0       0       0
      Temps:          1       0       0       0       0
      Totals:         2       0       0       0       0
Total ram usage:        2 bytes
 Hardware stack levels used:    1
 Hardware stack levels required when called:    2
 This function calls:
		_send_config
 This function is called by:
		_main
 This function uses a non-reentrant model


 *************** function _lcd_num *****************
 Defined at:
		line 220 in file "Main.c"
 Parameters:    Size  Location     Type
  number          2   11[COMMON] unsigned short 
  digit           1   13[COMMON] unsigned char 
 Auto vars:     Size  Location     Type
  num            16    4[BANK0 ] unsigned char [16]
  i               1   22[BANK0 ] unsigned char 
  k               1   21[BANK0 ] unsigned char 
  j               1   20[BANK0 ] unsigned char 
 Return value:  Size  Location     Type
                  1    wreg      unsigned char 
 Registers used:
		wreg, fsr0l, fsr0h, status,2, status,0, btemp+1, pclath, cstack
 Tracked objects:
		On entry : 
		On exit  : 
		Unchanged: 
 Data sizes:     COMMON   BANK0   BANK1   BANK3   BANK2
      Params:         3       0       0       0       0
      Locals:         0      19       0       0       0
      Temps:          0       4       0       0       0
      Totals:         3      23       0       0       0
Total ram usage:       26 bytes
 Hardware stack levels used:    1
 Hardware stack levels required when called:    3
 This function calls:
		___lwmod
		___lwdiv
		_send_string
		_send_char
 This function is called by:
		_main
 This function uses a non-reentrant model


 *************** function _send_string *****************
 Defined at:
		line 215 in file "Main.c"
 Parameters:    Size  Location     Type
  s               2    9[COMMON] PTR const unsigned char 
		 -> lcd_num@num(16), STR_4(16), STR_3(17), STR_2(18), 
		 -> STR_1(10), 
 Auto vars:     Size  Location     Type
		None
 Return value:  Size  Location     Type
		None               void
 Registers used:
		wreg, fsr0l, fsr0h, status,2, status,0, btemp+1, pclath, cstack
 Tracked objects:
		On entry : 
		On exit  : 
		Unchanged: 
 Data sizes:     COMMON   BANK0   BANK1   BANK3   BANK2
      Params:         2       0       0       0       0
      Locals:         0       0       0       0       0
      Temps:          0       0       0       0       0
      Totals:         2       0       0       0       0
Total ram usage:        2 bytes
 Hardware stack levels used:    1
 Hardware stack levels required when called:    2
 This function calls:
		_send_char
 This function is called by:
		_main
		_lcd_num
 This function uses a non-reentrant model


 *************** function _send_config *****************
 Defined at:
		line 176 in file "Main.c"
 Parameters:    Size  Location     Type
  data            1    wreg     unsigned char 
 Auto vars:     Size  Location     Type
  data            1    8[COMMON] unsigned char 
 Return value:  Size  Location     Type
		None               void
 Registers used:
		wreg, status,2, status,0, pclath, cstack
 Tracked objects:
		On entry : 
		On exit  : 
		Unchanged: 
 Data sizes:     COMMON   BANK0   BANK1   BANK3   BANK2
      Params:         0       0       0       0       0
      Locals:         1       0       0       0       0
      Temps:          0       0       0       0       0
      Totals:         1       0       0       0       0
Total ram usage:        1 bytes
 Hardware stack levels used:    1
 Hardware stack levels required when called:    1
 This function calls:
		_delay
 This function is called by:
		_lcdinit
		_lcd_goto
		_lcd_clr
 This function uses a non-reentrant model


 *************** function _send_char *****************
 Defined at:
		line 186 in file "Main.c"
 Parameters:    Size  Location     Type
  data            1    wreg     unsigned char 
 Auto vars:     Size  Location     Type
  data            1    8[COMMON] unsigned char 
 Return value:  Size  Location     Type
		None               void
 Registers used:
		wreg, status,2, status,0, pclath, cstack
 Tracked objects:
		On entry : 
		On exit  : 
		Unchanged: 
 Data sizes:     COMMON   BANK0   BANK1   BANK3   BANK2
      Params:         0       0       0       0       0
      Locals:         1       0       0       0       0
      Temps:          0       0       0       0       0
      Totals:         1       0       0       0       0
Total ram usage:        1 bytes
 Hardware stack levels used:    1
 Hardware stack levels required when called:    1
 This function calls:
		_delay
 This function is called by:
		_send_string
		_lcd_num
 This function uses a non-reentrant model


 *************** function _delay *****************
 Defined at:
		line 171 in file "Main.c"
 Parameters:    Size  Location     Type
  data            4    0[COMMON] unsigned long 
 Auto vars:     Size  Location     Type
		None
 Return value:  Size  Location     Type
		None               void
 Registers used:
		wreg
 Tracked objects:
		On entry : 
		On exit  : 
		Unchanged: 
 Data sizes:     COMMON   BANK0   BANK1   BANK3   BANK2
      Params:         4       0       0       0       0
      Locals:         0       0       0       0       0
      Temps:          4       0       0       0       0
      Totals:         8       0       0       0       0
Total ram usage:        8 bytes
 Hardware stack levels used:    1
 This function calls:
		Nothing
 This function is called by:
		_send_config
		_send_char
		_lcd_clr
 This function uses a non-reentrant model


 *************** function ___lwdiv *****************
 Defined at:
		line 5 in file "C:\Program Files (x86)\Microchip\xc8\v1.11\sources\lwdiv.c"
 Parameters:    Size  Location     Type
  divisor         2    0[COMMON] unsigned int 
  dividend        2    2[COMMON] unsigned int 
 Auto vars:     Size  Location     Type
  quotient        2    5[COMMON] unsigned int 
  counter         1    7[COMMON] unsigned char 
 Return value:  Size  Location     Type
                  2    0[COMMON] unsigned int 
 Registers used:
		wreg, status,2, status,0
 Tracked objects:
		On entry : 
		On exit  : 
		Unchanged: 
 Data sizes:     COMMON   BANK0   BANK1   BANK3   BANK2
      Params:         4       0       0       0       0
      Locals:         3       0       0       0       0
      Temps:          1       0       0       0       0
      Totals:         8       0       0       0       0
Total ram usage:        8 bytes
 Hardware stack levels used:    1
 This function calls:
		Nothing
 This function is called by:
		_lcd_num
 This function uses a non-reentrant model


 *************** function ___lwmod *****************
 Defined at:
		line 5 in file "C:\Program Files (x86)\Microchip\xc8\v1.11\sources\lwmod.c"
 Parameters:    Size  Location     Type
  divisor         2    0[COMMON] unsigned int 
  dividend        2    2[COMMON] unsigned int 
 Auto vars:     Size  Location     Type
  counter         1    5[COMMON] unsigned char 
 Return value:  Size  Location     Type
                  2    0[COMMON] unsigned int 
 Registers used:
		wreg, status,2, status,0
 Tracked objects:
		On entry : 
		On exit  : 
		Unchanged: 
 Data sizes:     COMMON   BANK0   BANK1   BANK3   BANK2
      Params:         4       0       0       0       0
      Locals:         1       0       0       0       0
      Temps:          1       0       0       0       0
      Totals:         6       0       0       0       0
Total ram usage:        6 bytes
 Hardware stack levels used:    1
 This function calls:
		Nothing
 This function is called by:
		_lcd_num
 This function uses a non-reentrant model


 *************** function ___ftdiv *****************
 Defined at:
		line 50 in file "C:\Program Files (x86)\Microchip\xc8\v1.11\sources\ftdiv.c"
 Parameters:    Size  Location     Type
  f2              3   29[BANK0 ] float 
  f1              3   32[BANK0 ] float 
 Auto vars:     Size  Location     Type
  f3              3   40[BANK0 ] float 
  sign            1   44[BANK0 ] unsigned char 
  exp             1   43[BANK0 ] unsigned char 
  cntr            1   39[BANK0 ] unsigned char 
 Return value:  Size  Location     Type
                  3   29[BANK0 ] float 
 Registers used:
		wreg, status,2, status,0, pclath, cstack
 Tracked objects:
		On entry : 
		On exit  : 
		Unchanged: 
 Data sizes:     COMMON   BANK0   BANK1   BANK3   BANK2
      Params:         0       6       0       0       0
      Locals:         0       6       0       0       0
      Temps:          0       4       0       0       0
      Totals:         0      16       0       0       0
Total ram usage:       16 bytes
 Hardware stack levels used:    1
 Hardware stack levels required when called:    1
 This function calls:
		___ftpack
 This function is called by:
		_main
 This function uses a non-reentrant model


 *************** function ___ftmul *****************
 Defined at:
		line 52 in file "C:\Program Files (x86)\Microchip\xc8\v1.11\sources\ftmul.c"
 Parameters:    Size  Location     Type
  f1              3   13[BANK0 ] float 
  f2              3   16[BANK0 ] float 
 Auto vars:     Size  Location     Type
  f3_as_produc    3   24[BANK0 ] unsigned um
  sign            1   28[BANK0 ] unsigned char 
  cntr            1   27[BANK0 ] unsigned char 
  exp             1   23[BANK0 ] unsigned char 
 Return value:  Size  Location     Type
                  3   13[BANK0 ] float 
 Registers used:
		wreg, status,2, status,0, pclath, cstack
 Tracked objects:
		On entry : 
		On exit  : 
		Unchanged: 
 Data sizes:     COMMON   BANK0   BANK1   BANK3   BANK2
      Params:         0       6       0       0       0
      Locals:         0       6       0       0       0
      Temps:          0       4       0       0       0
      Totals:         0      16       0       0       0
Total ram usage:       16 bytes
 Hardware stack levels used:    1
 Hardware stack levels required when called:    1
 This function calls:
		___ftpack
 This function is called by:
		_main
 This function uses a non-reentrant model


 *************** function ___fttol *****************
 Defined at:
		line 45 in file "C:\Program Files (x86)\Microchip\xc8\v1.11\sources\fttol.c"
 Parameters:    Size  Location     Type
  f1              3    8[COMMON] float 
 Auto vars:     Size  Location     Type
  lval            4    5[BANK0 ] unsigned long 
  exp1            1    9[BANK0 ] unsigned char 
  sign1           1    4[BANK0 ] unsigned char 
 Return value:  Size  Location     Type
                  4    8[COMMON] long 
 Registers used:
		wreg, status,2, status,0
 Tracked objects:
		On entry : 
		On exit  : 
		Unchanged: 
 Data sizes:     COMMON   BANK0   BANK1   BANK3   BANK2
      Params:         4       0       0       0       0
      Locals:         0       6       0       0       0
      Temps:          0       4       0       0       0
      Totals:         4      10       0       0       0
Total ram usage:       14 bytes
 Hardware stack levels used:    1
 This function calls:
		Nothing
 This function is called by:
		_main
 This function uses a non-reentrant model


 *************** function ___lwtoft *****************
 Defined at:
		line 29 in file "C:\Program Files (x86)\Microchip\xc8\v1.11\sources\lwtoft.c"
 Parameters:    Size  Location     Type
  c               2   10[BANK0 ] unsigned int 
 Auto vars:     Size  Location     Type
		None
 Return value:  Size  Location     Type
                  3   10[BANK0 ] float 
 Registers used:
		wreg, status,2, status,0, pclath, cstack
 Tracked objects:
		On entry : 
		On exit  : 
		Unchanged: 
 Data sizes:     COMMON   BANK0   BANK1   BANK3   BANK2
      Params:         0       3       0       0       0
      Locals:         0       0       0       0       0
      Temps:          1       0       0       0       0
      Totals:         1       3       0       0       0
Total ram usage:        4 bytes
 Hardware stack levels used:    1
 Hardware stack levels required when called:    1
 This function calls:
		___ftpack
 This function is called by:
		_main
 This function uses a non-reentrant model


 *************** function ___ftpack *****************
 Defined at:
		line 63 in file "C:\Program Files (x86)\Microchip\xc8\v1.11\sources\float.c"
 Parameters:    Size  Location     Type
  arg             3    0[COMMON] unsigned um
  exp             1    3[COMMON] unsigned char 
  sign            1    4[COMMON] unsigned char 
 Auto vars:     Size  Location     Type
		None
 Return value:  Size  Location     Type
                  3    0[COMMON] float 
 Registers used:
		wreg, status,2, status,0
 Tracked objects:
		On entry : 
		On exit  : 
		Unchanged: 
 Data sizes:     COMMON   BANK0   BANK1   BANK3   BANK2
      Params:         5       0       0       0       0
      Locals:         0       0       0       0       0
      Temps:          3       0       0       0       0
      Totals:         8       0       0       0       0
Total ram usage:        8 bytes
 Hardware stack levels used:    1
 This function calls:
		Nothing
 This function is called by:
		___ftdiv
		___ftmul
		___lwtoft
 This function uses a non-reentrant model



MODULE INFORMATION

Module		Function		Class		Link	Load	Size
C:\Program Files (x86)\Microchip\xc8\v1.11\sources\ftdiv.c
		___ftdiv       		CODE           	02F9	0000	200

C:\Program Files (x86)\Microchip\xc8\v1.11\sources\ftdiv.c estimated size: 200

shared
		__stringtab    		STRING         	0003	0000	16
		__stringdata   		STRING         	0013	0000	61
		__initializatio		CODE           	0E80	0000	25

shared estimated size: 102

C:\Program Files (x86)\Microchip\xc8\v1.11\sources\ftmul.c
		___ftmul       		CODE           	03C1	0000	238

C:\Program Files (x86)\Microchip\xc8\v1.11\sources\ftmul.c estimated size: 238

C:\Program Files (x86)\Microchip\xc8\v1.11\sources\fttol.c
		___fttol       		CODE           	0253	0000	166

C:\Program Files (x86)\Microchip\xc8\v1.11\sources\fttol.c estimated size: 166

C:\Program Files (x86)\Microchip\xc8\v1.11\sources\lwtoft.c
		___lwtoft      		CODE           	0E48	0000	27

C:\Program Files (x86)\Microchip\xc8\v1.11\sources\lwtoft.c estimated size: 27

Main.c
		_delay         		CODE           	0FD0	0000	48
		_UART_REC      		CODE           	00EA	0000	94
		_UART_INIT     		CODE           	0E14	0000	26
		_main          		CODE           	063B	0000	453
		_lcd_clr       		CODE           	0DEA	0000	20
		_UART_SEND     		CODE           	0DFE	0000	22
		_lcdinit       		CODE           	0F4F	0000	41
		_lcd_goto      		CODE           	0E63	0000	29
		_send_string   		CODE           	0FA1	0000	47
		_send_config   		CODE           	0F05	0000	37
		_send_char     		CODE           	0EE0	0000	37
		_initIO        		CODE           	0E2E	0000	26
		_lcd_num       		CODE           	01C3	0000	144

Main.c estimated size: 1024

G15.h
		_send_packet   		CODE           	04AF	0000	396
		_GetPos        		CODE           	0EBC	0000	36
		_SetPos        		CODE           	0F78	0000	41
		_SetTorqueOnOff		CODE           	0F2A	0000	37
		_SetLED        		CODE           	0E9D	0000	31

G15.h estimated size: 541

C:\Program Files (x86)\Microchip\xc8\v1.11\sources\lwmod.c
		___lwmod       		CODE           	005A	0000	67

C:\Program Files (x86)\Microchip\xc8\v1.11\sources\lwmod.c estimated size: 67

C:\Program Files (x86)\Microchip\xc8\v1.11\sources\lwdiv.c
		___lwdiv       		CODE           	009D	0000	77

C:\Program Files (x86)\Microchip\xc8\v1.11\sources\lwdiv.c estimated size: 77

C:\Program Files (x86)\Microchip\xc8\v1.11\sources\float.c
		___ftpack      		CODE           	0148	0000	123

C:\Program Files (x86)\Microchip\xc8\v1.11\sources\float.c estimated size: 123

